../Core/Src/bme68x.c:144:8:bme68x_init	24	static
../Core/Src/bme68x.c:177:8:bme68x_set_regs	56	static
../Core/Src/bme68x.c:234:8:bme68x_get_regs	40	static
../Core/Src/bme68x.c:269:8:bme68x_soft_reset	24	static
../Core/Src/bme68x.c:311:8:bme68x_set_conf	40	static
../Core/Src/bme68x.c:395:8:bme68x_get_conf	24	static
../Core/Src/bme68x.c:430:8:bme68x_set_op_mode	24	static
../Core/Src/bme68x.c:467:8:bme68x_get_op_mode	24	static
../Core/Src/bme68x.c:490:10:bme68x_get_meas_dur	48	static
../Core/Src/bme68x.c:540:8:bme68x_get_data	120	static
../Core/Src/bme68x.c:630:8:bme68x_set_heatr_conf	40	static
../Core/Src/bme68x.c:687:8:bme68x_get_heatr_conf	32	static
../Core/Src/bme68x.c:727:8:bme68x_selftest_check	272	static
../Core/Src/bme68x.c:1016:14:calc_temperature	32	static
../Core/Src/bme68x.c:1040:14:calc_pressure	32	static
../Core/Src/bme68x.c:1073:14:calc_humidity	40	static
../Core/Src/bme68x.c:1106:14:calc_gas_resistance_low	176	static
../Core/Src/bme68x.c:1130:14:calc_gas_resistance_high	32	static
../Core/Src/bme68x.c:1145:16:calc_res_heat	48	static
../Core/Src/bme68x.c:1176:16:calc_gas_wait	24	static
../Core/Src/bme68x.c:1200:15:read_field_data	64	static
../Core/Src/bme68x.c:1289:15:read_all_field_data	128	static
../Core/Src/bme68x.c:1367:15:set_mem_page	32	static
../Core/Src/bme68x.c:1412:15:get_mem_page	32	static
../Core/Src/bme68x.c:1436:15:boundary_check	32	static
../Core/Src/bme68x.c:1460:15:null_ptr_check	24	static
../Core/Src/bme68x.c:1474:15:set_conf	88	static
../Core/Src/bme68x.c:1562:16:calc_heatr_dur_shared	24	static
../Core/Src/bme68x.c:1588:13:sort_sensor_data	24	static
../Core/Src/bme68x.c:1711:13:swap_fields	24	static
../Core/Src/bme68x.c:1721:15:analyze_sensor_data	24	static
../Core/Src/bme68x.c:1769:15:get_calib_data	64	static
../Core/Src/bme68x.c:1843:15:read_variant_id	24	static
